// Jest Snapshot v1, https://goo.gl/fbAQLP

exports[`fetchStationList Saga should call the loadStationsError action if the response errors 1`] = `
Object {
  "@@redux-saga/IO": true,
  "combinator": false,
  "payload": Object {
    "args": Array [
      "station.json",
    ],
    "context": null,
    "fn": [Function],
  },
  "type": "CALL",
}
`;

exports[`fetchStationList Saga should dispatch the stationsLoaded action if it requests the data successfully without URL 1`] = `
Object {
  "@@redux-saga/IO": true,
  "combinator": false,
  "payload": Object {
    "args": Array [
      "station.json",
    ],
    "context": null,
    "fn": [Function],
  },
  "type": "CALL",
}
`;
